// Jest Snapshot v1, https://goo.gl/fbAQLP

exports[`it works 1`] = `
.c0 {
  border-style: solid;
  text-align: center;
  font-size: 0.75rem;
  font-weight: 400;
  font-family: Montserrat,sans-serif;
  line-height: 2;
  border-radius: 0.25rem;
  border-width: 1px;
  box-shadow: 0 1px 3px 0 rgba(0,0,0,0.1),0 1px 2px 0 rgba(0,0,0,0.06);
  padding-left: 0.5rem;
  padding-right: 0.5rem;
  padding-top: 0.25rem;
  padding-bottom: 0.25rem;
  background-color: #17a3a5;
  color: white;
  border-color: #1a8385;
}

<span
  class="c0"
>
  Hello world
</span>
`;
