// Jest Snapshot v1, https://goo.gl/fbAQLP

exports[`it works with ratios 1`] = `
<div
  class=""
  data-testid="AspectRatio"
>
  <div>
    Hello world
  </div>
</div>
`;

exports[`it works with ratios 2`] = `
<div
  class=""
  data-testid="AspectRatio"
>
  <div>
    Hello world
  </div>
</div>
`;

exports[`it works with ratios 3`] = `
<div
  class=""
  data-testid="AspectRatio"
>
  <div>
    Hello world
  </div>
</div>
`;

exports[`it works with ratios 4`] = `
<div
  class=""
  data-testid="AspectRatio"
>
  <div>
    Hello world
  </div>
</div>
`;

exports[`it works with ratios 5`] = `
<div
  class=""
  data-testid="AspectRatio"
>
  <div>
    Hello world
  </div>
</div>
`;

exports[`it works with ratios 6`] = `
<div
  class=""
  data-testid="AspectRatio"
>
  <div>
    Hello world
  </div>
</div>
`;
