// Jest Snapshot v1, https://goo.gl/fbAQLP

exports[`it works with elevations 1`] = `
<div
  class=""
  data-testid="Elevated"
>
  Hello world
</div>
`;

exports[`it works with elevations 2`] = `
<div
  class=""
  data-testid="Elevated"
>
  Hello world
</div>
`;

exports[`it works with elevations 3`] = `
<div
  class=""
  data-testid="Elevated"
>
  Hello world
</div>
`;

exports[`it works with elevations 4`] = `
<div
  class=""
  data-testid="Elevated"
>
  Hello world
</div>
`;

exports[`it works with elevations 5`] = `
<div
  class=""
  data-testid="Elevated"
>
  Hello world
</div>
`;
