// Jest Snapshot v1, https://goo.gl/fbAQLP

exports[`it works with defaults 1`] = `
.c0 {
  font-size: 1rem;
  font-family: Montserrat,sans-serif;
  line-height: 2;
  font-weight: 400;
  color: inherit;
}

.c0 > p {
  margin-bottom: 0.5rem;
}

.c0 > p:last-child {
  margin-bottom: 0;
}

<div
  class="c0"
>
  Hello world!
</div>
`;

exports[`it works with paragraphs 1`] = `
.c0 {
  font-size: 1rem;
  font-family: Montserrat,sans-serif;
  line-height: 2;
  font-weight: 400;
  color: inherit;
}

.c0 > p {
  margin-bottom: 0.5rem;
}

.c0 > p:last-child {
  margin-bottom: 0;
}

<div
  class="c0"
>
  Hello world!
</div>
`;
