// Jest Snapshot v1, https://goo.gl/fbAQLP

exports[`it works 1`] = `null`;

exports[`it works with buttons 1`] = `
.c0 {
  padding: 0;
  padding-top: 0;
  padding-bottom: 0;
  padding-left: 0;
  padding-right: 0;
}

.c1 {
  box-shadow: 0 2px 3px rgba(0,0,0,0.1);
}

<div
  class="c0"
>
  <button
    class="c1"
    elevation="1"
    kind="primary"
  >
    <div
      class="c0"
    >
      Button 1
    </div>
  </button>
  <button
    class="c1"
    elevation="1"
    kind="secondary"
  >
    <div
      class="c0"
    >
      Button 2
    </div>
  </button>
</div>
`;
