// Jest Snapshot v1, https://goo.gl/fbAQLP

exports[`it works 1`] = `null`;

exports[`it works with buttons 1`] = `
.c0 {
  display: -webkit-box;
  display: -webkit-flex;
  display: -ms-flexbox;
  display: flex;
  width: 100%;
  -webkit-box-pack: end;
  -webkit-justify-content: end;
  -ms-flex-pack: end;
  justify-content: end;
  gap: 0.5rem;
}

.c2 {
  opacity: 1;
  display: -webkit-box;
  display: -webkit-flex;
  display: -ms-flexbox;
  display: flex;
  -webkit-align-items: center;
  -webkit-box-align: center;
  -ms-flex-align: center;
  align-items: center;
}

.c1 {
  box-shadow: 0 2px 3px rgba(0,0,0,0.1);
}

<div
  class="c0"
>
  <button
    class="c1"
    elevation="1"
  >
    <div
      class="c2"
    >
      Button 1
    </div>
  </button>
  <button
    class="c1"
    elevation="1"
  >
    <div
      class="c2"
    >
      Button 2
    </div>
  </button>
</div>
`;
