// Jest Snapshot v1, https://goo.gl/fbAQLP

exports[`it works 1`] = `
.c0 {
  font-size: 1rem;
  font-family: Montserrat,sans-serif;
  line-height: 2;
  font-weight: 400;
  color: #292B3E;
}

.c0 > p {
  margin-bottom: 0.5rem;
}

.c0 > p:last-child {
  margin-bottom: 0;
}

.c1 {
  border-bottom: 1px solid #4AD6D8;
  color: #135f61;
}

.c1:hover {
  border-bottom: 1px solid #135f61;
}

<a
  class="c0 c1"
  href="#"
>
  Hello world!
</a>
`;
