// Jest Snapshot v1, https://goo.gl/fbAQLP

exports[`it works 1`] = `
.c0 {
  border-style: solid;
  font-size: inherit;
  font-weight: 400;
  font-family: Roboto,sans-serif;
  line-height: 2;
  border-bottom-width: 1px;
  color: #1a8385;
  border-bottom-color: #4AD6D8;
}

.c0:hover {
  color: #1a8385;
  border-bottom-color: #1a8385;
}

<a
  class="c0"
  href="#"
>
  <p>
    Hello world!
  </p>
</a>
`;
