// Jest Snapshot v1, https://goo.gl/fbAQLP

exports[`it works 1`] = `
.c0 {
  font-size: 1rem;
  font-family: Montserrat,sans-serif;
  line-height: 2;
  font-weight: 400;
  color: #292B3E;
  padding: 0.5rem;
}

.c0 p {
  padding-bottom: 0.5rem;
}

.c0 p:last-child {
  padding-bottom: 0;
}

<a
  class="c0"
  href="#"
>
  <p>
    Hello world!
  </p>
</a>
`;
